Traceback (most recent call last):
  File "/home/leonidas/miniconda3/envs/general/lib/python3.10/site-packages/jupyter_core/utils/__init__.py", line 154, in wrapped
    asyncio.get_running_loop()
RuntimeError: no running event loop

During handling of the above exception, another exception occurred:

Traceback (most recent call last):
  File "/home/leonidas/miniconda3/envs/general/lib/python3.10/site-packages/jupyter_cache/executors/utils.py", line 58, in single_nb_execution
    executenb(
  File "/home/leonidas/miniconda3/envs/general/lib/python3.10/site-packages/nbclient/client.py", line 1319, in execute
    return NotebookClient(nb=nb, resources=resources, km=km, **kwargs).execute()
  File "/home/leonidas/miniconda3/envs/general/lib/python3.10/site-packages/jupyter_core/utils/__init__.py", line 158, in wrapped
    return loop.run_until_complete(inner)
  File "/home/leonidas/miniconda3/envs/general/lib/python3.10/asyncio/base_events.py", line 649, in run_until_complete
    return future.result()
  File "/home/leonidas/miniconda3/envs/general/lib/python3.10/site-packages/nbclient/client.py", line 709, in async_execute
    await self.async_execute_cell(
  File "/home/leonidas/miniconda3/envs/general/lib/python3.10/site-packages/nbclient/client.py", line 1062, in async_execute_cell
    await self._check_raise_for_error(cell, cell_index, exec_reply)
  File "/home/leonidas/miniconda3/envs/general/lib/python3.10/site-packages/nbclient/client.py", line 918, in _check_raise_for_error
    raise CellExecutionError.from_cell_and_msg(cell, exec_reply_content)
nbclient.exceptions.CellExecutionError: An error occurred while executing the following cell:
------------------
bins = np.array([-np.Inf, -250, -100, 100, 270, 440, 660, np.Inf])/10**3 # κατηγορίες
burn_severity = np.digitize(out_image, bins, right=False) # με αυτόν τον κώδικα γίνεται η κατηγοριοποίηση

# masking για λόγους οπτικοποίησης
burn_severity_masked = np.ma.masked_where(out_image == 0, burn_severity)
np.unique(burn_severity_masked)
------------------


[0;31m---------------------------------------------------------------------------[0m
[0;31mAttributeError[0m                            Traceback (most recent call last)
Cell [0;32mIn[17], line 1[0m
[0;32m----> 1[0m bins [38;5;241m=[39m np[38;5;241m.[39marray([[38;5;241m-[39m[43mnp[49m[38;5;241;43m.[39;49m[43mInf[49m, [38;5;241m-[39m[38;5;241m250[39m, [38;5;241m-[39m[38;5;241m100[39m, [38;5;241m100[39m, [38;5;241m270[39m, [38;5;241m440[39m, [38;5;241m660[39m, np[38;5;241m.[39mInf])[38;5;241m/[39m[38;5;241m10[39m[38;5;241m*[39m[38;5;241m*[39m[38;5;241m3[39m [38;5;66;03m# κατηγορίες[39;00m
[1;32m      2[0m burn_severity [38;5;241m=[39m np[38;5;241m.[39mdigitize(out_image, bins, right[38;5;241m=[39m[38;5;28;01mFalse[39;00m) [38;5;66;03m# με αυτόν τον κώδικα γίνεται η κατηγοριοποίηση[39;00m
[1;32m      4[0m [38;5;66;03m# masking για λόγους οπτικοποίησης[39;00m

File [0;32m~/miniconda3/envs/general/lib/python3.10/site-packages/numpy/__init__.py:400[0m, in [0;36m__getattr__[0;34m(attr)[0m
[1;32m    397[0m     [38;5;28;01mraise[39;00m [38;5;167;01mAttributeError[39;00m(__former_attrs__[attr], name[38;5;241m=[39m[38;5;28;01mNone[39;00m)
[1;32m    399[0m [38;5;28;01mif[39;00m attr [38;5;129;01min[39;00m __expired_attributes__:
[0;32m--> 400[0m     [38;5;28;01mraise[39;00m [38;5;167;01mAttributeError[39;00m(
[1;32m    401[0m         [38;5;124mf[39m[38;5;124m"[39m[38;5;124m`np.[39m[38;5;132;01m{[39;00mattr[38;5;132;01m}[39;00m[38;5;124m` was removed in the NumPy 2.0 release. [39m[38;5;124m"[39m
[1;32m    402[0m         [38;5;124mf[39m[38;5;124m"[39m[38;5;132;01m{[39;00m__expired_attributes__[attr][38;5;132;01m}[39;00m[38;5;124m"[39m,
[1;32m    403[0m         name[38;5;241m=[39m[38;5;28;01mNone[39;00m
[1;32m    404[0m     )
[1;32m    406[0m [38;5;28;01mif[39;00m attr [38;5;241m==[39m [38;5;124m"[39m[38;5;124mchararray[39m[38;5;124m"[39m:
[1;32m    407[0m     warnings[38;5;241m.[39mwarn(
[1;32m    408[0m         [38;5;124m"[39m[38;5;124m`np.chararray` is deprecated and will be removed from [39m[38;5;124m"[39m
[1;32m    409[0m         [38;5;124m"[39m[38;5;124mthe main namespace in the future. Use an array with a string [39m[38;5;124m"[39m
[1;32m    410[0m         [38;5;124m"[39m[38;5;124mor bytes dtype instead.[39m[38;5;124m"[39m, [38;5;167;01mDeprecationWarning[39;00m, stacklevel[38;5;241m=[39m[38;5;241m2[39m)

[0;31mAttributeError[0m: `np.Inf` was removed in the NumPy 2.0 release. Use `np.inf` instead.

